{
 "coin": "DOT",
 "spec": "rebound_micro_spec_v1.0.md",
 "inputs": {
  "spot1h": "3ff35b27d3f0a18c114f4e9db5b55ef3ebe9a180118c1510a290354b521af8e9",
  "spot4h": "426b5ae7e4d4e57b47eb190ae65cc9bafc0c511a53ad7536703ecdf2b53b98ac",
  "mlib": "6b7e7ba888e17cac80705097dd36be93a3ee6204b6ea00bd6be6f0b042bfe938",
  "rlib": "f1ffdbb81cad3115b7a975a435185b463c9d752bd86ee9f7b47ece3c4819b13c",
  "simulate": "fef60859063dd8bc77505346bdc8c5b373e7e635e978feb4994f13160887ab8e"
 },
 "regression_vs_count_v0_1": "IDENTICAL",
 "n_candidates": 100,
 "n_events_full": 89,
 "n_baseline_rows": 178,
 "n_controls_rows": 22,
 "n_ctrl_pool": 395,
 "n_ctrl_candidates_M1": 66,
 "seconds": 92,
 "outputs": {
  "trades": "0919036fc822ea26939dadea4f3175dea16928ff3686786ce7a9f17d568d013f",
  "baseline": "98f9ab184446f7a6ca6651390cd30a97ed7400099746e45f5bec70a23a5c1192",
  "controls": "9ec6659c52a75c2cec995feb48e60408d59ed77cf0d475279823a11ed944d5b7"
 }
}